------------------------------------------------------------
TimeQuest Timing Analyzer Summary
------------------------------------------------------------

Type  : Slow 1100mV 85C Model Setup 'CLOCK_50'
Slack : -3.726
TNS   : -27.478

Type  : Slow 1100mV 85C Model Setup 'keycontrol:k1|clk_100hz'
Slack : -1.045
TNS   : -4.071

Type  : Slow 1100mV 85C Model Setup 'u1|mypll|altpll_component|auto_generated|generic_pll1~PLL_OUTPUT_COUNTER|divclk'
Slack : 33.321
TNS   : 0.000

Type  : Slow 1100mV 85C Model Hold 'CLOCK_50'
Slack : 0.364
TNS   : 0.000

Type  : Slow 1100mV 85C Model Hold 'u1|mypll|altpll_component|auto_generated|generic_pll1~PLL_OUTPUT_COUNTER|divclk'
Slack : 0.433
TNS   : 0.000

Type  : Slow 1100mV 85C Model Hold 'keycontrol:k1|clk_100hz'
Slack : 0.816
TNS   : 0.000

Type  : Slow 1100mV 85C Model Minimum Pulse Width 'keycontrol:k1|clk_100hz'
Slack : -0.394
TNS   : -4.096

Type  : Slow 1100mV 85C Model Minimum Pulse Width 'u1|mypll|altpll_component|auto_generated|generic_pll1~FRACTIONAL_PLL|vcoph[0]'
Slack : 1.666
TNS   : 0.000

Type  : Slow 1100mV 85C Model Minimum Pulse Width 'CLOCK_50'
Slack : 8.854
TNS   : 0.000

Type  : Slow 1100mV 85C Model Minimum Pulse Width 'u1|mypll|altpll_component|auto_generated|generic_pll1~PLL_OUTPUT_COUNTER|divclk'
Slack : 18.754
TNS   : 0.000

Type  : Slow 1100mV 0C Model Setup 'CLOCK_50'
Slack : -3.580
TNS   : -24.259

Type  : Slow 1100mV 0C Model Setup 'keycontrol:k1|clk_100hz'
Slack : -1.024
TNS   : -3.936

Type  : Slow 1100mV 0C Model Setup 'u1|mypll|altpll_component|auto_generated|generic_pll1~PLL_OUTPUT_COUNTER|divclk'
Slack : 33.505
TNS   : 0.000

Type  : Slow 1100mV 0C Model Hold 'CLOCK_50'
Slack : 0.226
TNS   : 0.000

Type  : Slow 1100mV 0C Model Hold 'u1|mypll|altpll_component|auto_generated|generic_pll1~PLL_OUTPUT_COUNTER|divclk'
Slack : 0.329
TNS   : 0.000

Type  : Slow 1100mV 0C Model Hold 'keycontrol:k1|clk_100hz'
Slack : 0.777
TNS   : 0.000

Type  : Slow 1100mV 0C Model Minimum Pulse Width 'keycontrol:k1|clk_100hz'
Slack : -0.394
TNS   : -4.118

Type  : Slow 1100mV 0C Model Minimum Pulse Width 'u1|mypll|altpll_component|auto_generated|generic_pll1~FRACTIONAL_PLL|vcoph[0]'
Slack : 1.666
TNS   : 0.000

Type  : Slow 1100mV 0C Model Minimum Pulse Width 'CLOCK_50'
Slack : 8.806
TNS   : 0.000

Type  : Slow 1100mV 0C Model Minimum Pulse Width 'u1|mypll|altpll_component|auto_generated|generic_pll1~PLL_OUTPUT_COUNTER|divclk'
Slack : 18.728
TNS   : 0.000

Type  : Fast 1100mV 85C Model Setup 'CLOCK_50'
Slack : -2.963
TNS   : -20.517

Type  : Fast 1100mV 85C Model Setup 'keycontrol:k1|clk_100hz'
Slack : -0.506
TNS   : -1.815

Type  : Fast 1100mV 85C Model Setup 'u1|mypll|altpll_component|auto_generated|generic_pll1~PLL_OUTPUT_COUNTER|divclk'
Slack : 35.581
TNS   : 0.000

Type  : Fast 1100mV 85C Model Hold 'CLOCK_50'
Slack : 0.180
TNS   : 0.000

Type  : Fast 1100mV 85C Model Hold 'u1|mypll|altpll_component|auto_generated|generic_pll1~PLL_OUTPUT_COUNTER|divclk'
Slack : 0.245
TNS   : 0.000

Type  : Fast 1100mV 85C Model Hold 'keycontrol:k1|clk_100hz'
Slack : 0.358
TNS   : 0.000

Type  : Fast 1100mV 85C Model Minimum Pulse Width 'keycontrol:k1|clk_100hz'
Slack : 0.131
TNS   : 0.000

Type  : Fast 1100mV 85C Model Minimum Pulse Width 'u1|mypll|altpll_component|auto_generated|generic_pll1~FRACTIONAL_PLL|vcoph[0]'
Slack : 1.666
TNS   : 0.000

Type  : Fast 1100mV 85C Model Minimum Pulse Width 'CLOCK_50'
Slack : 8.815
TNS   : 0.000

Type  : Fast 1100mV 85C Model Minimum Pulse Width 'u1|mypll|altpll_component|auto_generated|generic_pll1~PLL_OUTPUT_COUNTER|divclk'
Slack : 18.874
TNS   : 0.000

Type  : Fast 1100mV 0C Model Setup 'CLOCK_50'
Slack : -2.471
TNS   : -15.541

Type  : Fast 1100mV 0C Model Setup 'keycontrol:k1|clk_100hz'
Slack : -0.399
TNS   : -1.434

Type  : Fast 1100mV 0C Model Setup 'u1|mypll|altpll_component|auto_generated|generic_pll1~PLL_OUTPUT_COUNTER|divclk'
Slack : 36.092
TNS   : 0.000

Type  : Fast 1100mV 0C Model Hold 'CLOCK_50'
Slack : 0.117
TNS   : 0.000

Type  : Fast 1100mV 0C Model Hold 'u1|mypll|altpll_component|auto_generated|generic_pll1~PLL_OUTPUT_COUNTER|divclk'
Slack : 0.190
TNS   : 0.000

Type  : Fast 1100mV 0C Model Hold 'keycontrol:k1|clk_100hz'
Slack : 0.327
TNS   : 0.000

Type  : Fast 1100mV 0C Model Minimum Pulse Width 'keycontrol:k1|clk_100hz'
Slack : 0.131
TNS   : 0.000

Type  : Fast 1100mV 0C Model Minimum Pulse Width 'u1|mypll|altpll_component|auto_generated|generic_pll1~FRACTIONAL_PLL|vcoph[0]'
Slack : 1.666
TNS   : 0.000

Type  : Fast 1100mV 0C Model Minimum Pulse Width 'CLOCK_50'
Slack : 8.807
TNS   : 0.000

Type  : Fast 1100mV 0C Model Minimum Pulse Width 'u1|mypll|altpll_component|auto_generated|generic_pll1~PLL_OUTPUT_COUNTER|divclk'
Slack : 18.879
TNS   : 0.000

------------------------------------------------------------
